// Jest Snapshot v1, https://goo.gl/fbAQLP

exports[`StartGameButton renders correctly 1`] = `"<button class=\\"start-button\\">Go</button>"`;
