// Jest Snapshot v1, https://goo.gl/fbAQLP

exports[`Timer renders correctly 1`] = `"<span class=\\"timer\\">0</span>"`;
